{
  "version": "1.5.0",
  "plugins_used": [
    {
      "name": "ArtifactoryDetector"
    },
    {
      "name": "AWSKeyDetector"
    },
    {
      "name": "AzureStorageKeyDetector"
    },
    {
      "name": "Base64HighEntropyString",
      "limit": 4.5
    },
    {
      "name": "BasicAuthDetector"
    },
    {
      "name": "CloudantDetector"
    },
    {
      "name": "DiscordBotTokenDetector"
    },
    {
      "name": "GitHubTokenDetector"
    },
    {
      "name": "GitLabTokenDetector"
    },
    {
      "name": "HexHighEntropyString",
      "limit": 3.0
    },
    {
      "name": "IbmCloudIamDetector"
    },
    {
      "name": "IbmCosHmacDetector"
    },
    {
      "name": "IPPublicDetector"
    },
    {
      "name": "JwtTokenDetector"
    },
    {
      "name": "KeywordDetector",
      "keyword_exclude": ""
    },
    {
      "name": "MailchimpDetector"
    },
    {
      "name": "NpmDetector"
    },
    {
      "name": "OpenAIDetector"
    },
    {
      "name": "PrivateKeyDetector"
    },
    {
      "name": "PypiTokenDetector"
    },
    {
      "name": "SendGridDetector"
    },
    {
      "name": "SlackDetector"
    },
    {
      "name": "SoftlayerDetector"
    },
    {
      "name": "SquareOAuthDetector"
    },
    {
      "name": "StripeDetector"
    },
    {
      "name": "TelegramBotTokenDetector"
    },
    {
      "name": "TwilioKeyDetector"
    }
  ],
  "filters_used": [
    {
      "path": "detect_secrets.filters.allowlist.is_line_allowlisted"
    },
    {
      "path": "detect_secrets.filters.common.is_ignored_due_to_verification_policies",
      "min_level": 2
    },
    {
      "path": "detect_secrets.filters.heuristic.is_indirect_reference"
    },
    {
      "path": "detect_secrets.filters.heuristic.is_likely_id_string"
    },
    {
      "path": "detect_secrets.filters.heuristic.is_lock_file"
    },
    {
      "path": "detect_secrets.filters.heuristic.is_not_alphanumeric_string"
    },
    {
      "path": "detect_secrets.filters.heuristic.is_potential_uuid"
    },
    {
      "path": "detect_secrets.filters.heuristic.is_prefixed_with_dollar_sign"
    },
    {
      "path": "detect_secrets.filters.heuristic.is_sequential_string"
    },
    {
      "path": "detect_secrets.filters.heuristic.is_swagger_file"
    },
    {
      "path": "detect_secrets.filters.heuristic.is_templated_secret"
    }
  ],
  "results": {
    "assets\\dashboard-data.json": [
      {
        "type": "Hex High Entropy String",
        "filename": "assets\\dashboard-data.json",
        "hashed_secret": "251e42e822d881fd9c73f020e48102750bcddf5f",
        "is_verified": false
      },
      {
        "type": "Hex High Entropy String",
        "filename": "assets\\dashboard-data.json",
        "hashed_secret": "21601cedb9d141c23029942672d347688bdd8109",
        "is_verified": false
      },
      {
        "type": "Hex High Entropy String",
        "filename": "assets\\dashboard-data.json",
        "hashed_secret": "5596b46272181e87600ed0c10516c1bcdeb62677",
        "is_verified": false
      },
      {
        "type": "Hex High Entropy String",
        "filename": "assets\\dashboard-data.json",
        "hashed_secret": "0f3116e24eb22b496da66648c8781458dad944d5",
        "is_verified": false
      },
      {
        "type": "Hex High Entropy String",
        "filename": "assets\\dashboard-data.json",
        "hashed_secret": "23d06f5e75cd8d933cb704d410371ae435032a0a",
        "is_verified": false
      }
    ],
    "data\\static_dashboard_source_2026-07-16.json": [
      {
        "type": "Hex High Entropy String",
        "filename": "data\\static_dashboard_source_2026-07-16.json",
        "hashed_secret": "251e42e822d881fd9c73f020e48102750bcddf5f",
        "is_verified": false
      },
      {
        "type": "Hex High Entropy String",
        "filename": "data\\static_dashboard_source_2026-07-16.json",
        "hashed_secret": "5596b46272181e87600ed0c10516c1bcdeb62677",
        "is_verified": false
      },
      {
        "type": "Hex High Entropy String",
        "filename": "data\\static_dashboard_source_2026-07-16.json",
        "hashed_secret": "21601cedb9d141c23029942672d347688bdd8109",
        "is_verified": false
      },
      {
        "type": "Hex High Entropy String",
        "filename": "data\\static_dashboard_source_2026-07-16.json",
        "hashed_secret": "0f3116e24eb22b496da66648c8781458dad944d5",
        "is_verified": false
      },
      {
        "type": "Hex High Entropy String",
        "filename": "data\\static_dashboard_source_2026-07-16.json",
        "hashed_secret": "23d06f5e75cd8d933cb704d410371ae435032a0a",
        "is_verified": false
      },
      {
        "type": "Hex High Entropy String",
        "filename": "data\\static_dashboard_source_2026-07-16.json",
        "hashed_secret": "13742ed660d2438154fc7b09b2ab3f0539270cba",
        "is_verified": false
      },
      {
        "type": "Hex High Entropy String",
        "filename": "data\\static_dashboard_source_2026-07-16.json",
        "hashed_secret": "3b91623be8a65208f9665e96c8b595eb2e17cc34",
        "is_verified": false
      },
      {
        "type": "Hex High Entropy String",
        "filename": "data\\static_dashboard_source_2026-07-16.json",
        "hashed_secret": "ca87c391f89cee751d242f8b61e481a07fbcaf54",
        "is_verified": false
      },
      {
        "type": "Hex High Entropy String",
        "filename": "data\\static_dashboard_source_2026-07-16.json",
        "hashed_secret": "d0357ddc90dbd166d559d8fe13bf2d99511f59a7",
        "is_verified": false
      },
      {
        "type": "Hex High Entropy String",
        "filename": "data\\static_dashboard_source_2026-07-16.json",
        "hashed_secret": "510e1dc74e9a8b9453ef4d2ab3451781e44cb65c",
        "is_verified": false
      },
      {
        "type": "Hex High Entropy String",
        "filename": "data\\static_dashboard_source_2026-07-16.json",
        "hashed_secret": "2c52cb736cabc22bfbbc6dcd24e24876a9cb5513",
        "is_verified": false
      },
      {
        "type": "Hex High Entropy String",
        "filename": "data\\static_dashboard_source_2026-07-16.json",
        "hashed_secret": "eaf6cf8187fc80acd777142db9fef109d50e85cb",
        "is_verified": false
      }
    ],
    "docs\\remediation\\dawnstrike-10of10\\evidence\\build-public-output.json": [
      {
        "type": "Hex High Entropy String",
        "filename": "docs\\remediation\\dawnstrike-10of10\\evidence\\build-public-output.json",
        "hashed_secret": "7e3f0df9ab65fbefae8ef3669ba70b620ff32c84",
        "is_verified": false
      },
      {
        "type": "Hex High Entropy String",
        "filename": "docs\\remediation\\dawnstrike-10of10\\evidence\\build-public-output.json",
        "hashed_secret": "5fd3f43463aa01639405879350a72ccc33761195",
        "is_verified": false
      }
    ],
    "intraday_scanner\\v2\\paper_ops\\lifecycle_backtest.py": [
      {
        "type": "Hex High Entropy String",
        "filename": "intraday_scanner\\v2\\paper_ops\\lifecycle_backtest.py",
        "hashed_secret": "13742ed660d2438154fc7b09b2ab3f0539270cba",
        "is_verified": false
      },
      {
        "type": "Hex High Entropy String",
        "filename": "intraday_scanner\\v2\\paper_ops\\lifecycle_backtest.py",
        "hashed_secret": "ca87c391f89cee751d242f8b61e481a07fbcaf54",
        "is_verified": false
      },
      {
        "type": "Hex High Entropy String",
        "filename": "intraday_scanner\\v2\\paper_ops\\lifecycle_backtest.py",
        "hashed_secret": "3b91623be8a65208f9665e96c8b595eb2e17cc34",
        "is_verified": false
      },
      {
        "type": "Hex High Entropy String",
        "filename": "intraday_scanner\\v2\\paper_ops\\lifecycle_backtest.py",
        "hashed_secret": "2c52cb736cabc22bfbbc6dcd24e24876a9cb5513",
        "is_verified": false
      },
      {
        "type": "Hex High Entropy String",
        "filename": "intraday_scanner\\v2\\paper_ops\\lifecycle_backtest.py",
        "hashed_secret": "eaf6cf8187fc80acd777142db9fef109d50e85cb",
        "is_verified": false
      },
      {
        "type": "Hex High Entropy String",
        "filename": "intraday_scanner\\v2\\paper_ops\\lifecycle_backtest.py",
        "hashed_secret": "510e1dc74e9a8b9453ef4d2ab3451781e44cb65c",
        "is_verified": false
      },
      {
        "type": "Hex High Entropy String",
        "filename": "intraday_scanner\\v2\\paper_ops\\lifecycle_backtest.py",
        "hashed_secret": "d0357ddc90dbd166d559d8fe13bf2d99511f59a7",
        "is_verified": false
      },
      {
        "type": "Hex High Entropy String",
        "filename": "intraday_scanner\\v2\\paper_ops\\lifecycle_backtest.py",
        "hashed_secret": "0f3116e24eb22b496da66648c8781458dad944d5",
        "is_verified": false
      },
      {
        "type": "Hex High Entropy String",
        "filename": "intraday_scanner\\v2\\paper_ops\\lifecycle_backtest.py",
        "hashed_secret": "23d06f5e75cd8d933cb704d410371ae435032a0a",
        "is_verified": false
      }
    ],
    "tests\\test_alpha_ops.py": [
      {
        "type": "Secret Keyword",
        "filename": "tests\\test_alpha_ops.py",
        "hashed_secret": "156b23ef4d621b7f4e2fbae23dda9ddc1e5a7f5b",
        "is_verified": false
      }
    ],
    "tests\\test_canonical_performance_contracts.py": [
      {
        "type": "Hex High Entropy String",
        "filename": "tests\\test_canonical_performance_contracts.py",
        "hashed_secret": "e4f91dd323bac5bfc4f60a6e433787671dc2421d",
        "is_verified": false
      }
    ],
    "tests\\test_config.py": [
      {
        "type": "Base64 High Entropy String",
        "filename": "tests\\test_config.py",
        "hashed_secret": "927d01b500adc9ecd70d1fb906f76f6cc2986876",
        "is_verified": false
      },
      {
        "type": "Base64 High Entropy String",
        "filename": "tests\\test_config.py",
        "hashed_secret": "da184bfb3d963dcafc3858e0d40c051e7e64d108",
        "is_verified": false
      },
      {
        "type": "Secret Keyword",
        "filename": "tests\\test_config.py",
        "hashed_secret": "14a655a2f98c29906ba331fee616fb2fca0c6df4",
        "is_verified": false
      }
    ],
    "tests\\test_public_artifact_security.py": [
      {
        "type": "Secret Keyword",
        "filename": "tests\\test_public_artifact_security.py",
        "hashed_secret": "666f7b0118e1d642c640fbd1286e27950aa8b3e0",
        "is_verified": false
      }
    ],
    "tests\\test_simple_dashboard.py": [
      {
        "type": "Secret Keyword",
        "filename": "tests\\test_simple_dashboard.py",
        "hashed_secret": "d1320f07ac50d1033e8ef5fbd56adf360ec103b2",
        "is_verified": false
      }
    ],
    "tests\\test_v2_strategy_catalog_expansion.py": [
      {
        "type": "Hex High Entropy String",
        "filename": "tests\\test_v2_strategy_catalog_expansion.py",
        "hashed_secret": "13742ed660d2438154fc7b09b2ab3f0539270cba",
        "is_verified": false
      },
      {
        "type": "Hex High Entropy String",
        "filename": "tests\\test_v2_strategy_catalog_expansion.py",
        "hashed_secret": "ca87c391f89cee751d242f8b61e481a07fbcaf54",
        "is_verified": false
      },
      {
        "type": "Hex High Entropy String",
        "filename": "tests\\test_v2_strategy_catalog_expansion.py",
        "hashed_secret": "3b91623be8a65208f9665e96c8b595eb2e17cc34",
        "is_verified": false
      },
      {
        "type": "Hex High Entropy String",
        "filename": "tests\\test_v2_strategy_catalog_expansion.py",
        "hashed_secret": "2c52cb736cabc22bfbbc6dcd24e24876a9cb5513",
        "is_verified": false
      },
      {
        "type": "Hex High Entropy String",
        "filename": "tests\\test_v2_strategy_catalog_expansion.py",
        "hashed_secret": "eaf6cf8187fc80acd777142db9fef109d50e85cb",
        "is_verified": false
      },
      {
        "type": "Hex High Entropy String",
        "filename": "tests\\test_v2_strategy_catalog_expansion.py",
        "hashed_secret": "510e1dc74e9a8b9453ef4d2ab3451781e44cb65c",
        "is_verified": false
      },
      {
        "type": "Hex High Entropy String",
        "filename": "tests\\test_v2_strategy_catalog_expansion.py",
        "hashed_secret": "d0357ddc90dbd166d559d8fe13bf2d99511f59a7",
        "is_verified": false
      }
    ]
  }
}
